// Jest Snapshot v1, https://goo.gl/fbAQLP

exports[`List should render the list without errors 1`] = `
<main
  class="Liststyled__CharWrapper-sc-1uysmnz-0 jxZONh"
  data-testid="item-details"
>
  <div
    class="Liststyled__CharItem-sc-1uysmnz-1 eiYIjn"
  >
    <img
      alt=""
      class="Liststyled__CharItemImage-sc-1uysmnz-2 eGCCbw"
      src="https://rickandmortyapi.com/api/character/avatar/1.jpeg"
    />
    <ul
      class="Liststyled__ItemDetails-sc-1uysmnz-3 hTnONs"
    >
      <li>
        <strong>
          Name: 
        </strong>
        Rick Sanchez
      </li>
      <li>
        <strong>
          Species: 
        </strong>
        Human
      </li>
      <li>
        <strong>
          Last known location: 
        </strong>
        Earth (Replacement Dimension)
      </li>
      <li>
        <strong>
          Status: 
        </strong>
        Alive
      </li>
      <li>
        <strong>
          Type: 
        </strong>
        unknown
      </li>
      <li>
        <strong>
          Gender: 
        </strong>
        Male
      </li>
      <li>
        <strong>
          Dimension: 
        </strong>
        Replacement Dimension
      </li>
      <li>
        <strong>
          Origin: 
        </strong>
        Earth (C-137) - Planet
      </li>
      <li>
        <strong>
          First seen in: 
        </strong>
        S01E01 - Pilot
      </li>
    </ul>
  </div>
  <div
    class="Liststyled__CharItem-sc-1uysmnz-1 eiYIjn"
  >
    <img
      alt=""
      class="Liststyled__CharItemImage-sc-1uysmnz-2 eGCCbw"
      src="https://rickandmortyapi.com/api/character/avatar/2.jpeg"
    />
    <ul
      class="Liststyled__ItemDetails-sc-1uysmnz-3 hTnONs"
    >
      <li>
        <strong>
          Name: 
        </strong>
        Morty Smith
      </li>
      <li>
        <strong>
          Species: 
        </strong>
        Human
      </li>
      <li>
        <strong>
          Last known location: 
        </strong>
        Earth (Replacement Dimension)
      </li>
      <li>
        <strong>
          Status: 
        </strong>
        Alive
      </li>
      <li>
        <strong>
          Type: 
        </strong>
        unknown
      </li>
      <li>
        <strong>
          Gender: 
        </strong>
        Male
      </li>
      <li>
        <strong>
          Dimension: 
        </strong>
        Replacement Dimension
      </li>
      <li>
        <strong>
          Origin: 
        </strong>
        Earth (C-137) - Planet
      </li>
      <li>
        <strong>
          First seen in: 
        </strong>
        S01E01 - Pilot
      </li>
    </ul>
  </div>
  <div
    class="Liststyled__CharItem-sc-1uysmnz-1 eiYIjn"
  >
    <img
      alt=""
      class="Liststyled__CharItemImage-sc-1uysmnz-2 eGCCbw"
      src="https://rickandmortyapi.com/api/character/avatar/3.jpeg"
    />
    <ul
      class="Liststyled__ItemDetails-sc-1uysmnz-3 hTnONs"
    >
      <li>
        <strong>
          Name: 
        </strong>
        Summer Smith
      </li>
      <li>
        <strong>
          Species: 
        </strong>
        Human
      </li>
      <li>
        <strong>
          Last known location: 
        </strong>
        Earth (Replacement Dimension)
      </li>
      <li>
        <strong>
          Status: 
        </strong>
        Alive
      </li>
      <li>
        <strong>
          Type: 
        </strong>
        unknown
      </li>
      <li>
        <strong>
          Gender: 
        </strong>
        Female
      </li>
      <li>
        <strong>
          Dimension: 
        </strong>
        Replacement Dimension
      </li>
      <li>
        <strong>
          Origin: 
        </strong>
        Earth (Replacement Dimension) - Planet
      </li>
      <li>
        <strong>
          First seen in: 
        </strong>
        S01E06 - Rick Potion #9
      </li>
    </ul>
  </div>
</main>
`;
